// Jest Snapshot v1, https://goo.gl/fbAQLP

exports[`my-modal-excel-upload.vue matches snapshot 1`] = `
<div id="modalUploadExcel" tabindex="-1" role="dialog" aria-labelledby="myModalLabel" aria-hidden="true" class="modal">
  <div class="modal-dialog">
    <div class="modal-content">
      <div class="modal-header">
        <h4 id="myModalLabel" class="modal-title">上传Excel文件并导入数据</h4> <button type="button" data-dismiss="modal" class="close"><span aria-hidden="true">×</span> <span class="sr-only">Close</span></button>
      </div>
      <div class="modal-body">
        <form id="uploadFileForm" method="post" enctype="multipart/form-data">
          <div class="form-group"><label class="control-label">
              Excel格式
            </label>
            <div><select name="formatNo" class="form-control">
                <option value="1">test</option>
              </select></div> <span class="text-muted small"></span>
          </div>
          <div class="form-group"><label>选择需要上传的文件</label> <input type="file" name="upfile" id="inputFileName" class="form-control-file"> <span class="text-muted small">
                          文件名请不要有中文或全角字符，请使用字母或数字命名文件名。
                          <br> <span class="text-danger"></span></span></div>
        </form>
      </div>
      <div class="modal-footer"><button type="button" data-dismiss="modal" class="btn btn-default btn-sm">取消</button> <button type="button" class="btn btn-primary btn-lg ml-2">
          开始上传
        </button></div>
    </div>
  </div>
</div>
`;
